#-----------------------------------------------------------
# xsim v2023.2 (64-bit)
# SW Build 4029153 on Fri Oct 13 20:13:54 MDT 2023
# IP Build 4028589 on Sat Oct 14 00:45:43 MDT 2023
# SharedData Build 4025554 on Tue Oct 10 17:18:54 MDT 2023
# Start of session at: Thu Mar  7 01:20:04 2024
# Process ID: 39273
# Current directory: /home/dsi/Desktop/project/CRG_20240212-1/tb/address_fsm_tb
# Command line: xsim -source {xsim.dir/top/xsim_script.tcl}
# Log file: /home/dsi/Desktop/project/CRG_20240212-1/tb/address_fsm_tb/xsim.log
# Journal file: /home/dsi/Desktop/project/CRG_20240212-1/tb/address_fsm_tb/xsim.jou
# Running On: dsi-Inspiron-5502, OS: Linux, CPU Frequency: 4182.629 MHz, CPU Physical cores: 4, Host memory: 16475 MB
#-----------------------------------------------------------
start_gui
source xsim.dir/top/xsim_script.tcl
add_wave {{/address_fsm_tb/clk_i}} 
current_wave_config {Untitled 1}
add_wave {{/address_fsm_tb/data_i}} 
current_wave_config {Untitled 1}
add_wave {{/address_fsm_tb/data_o}} 
run all
close_sim
